==========================================
 Сборка Мой Садовод
==========================================

Версия из core\updater.py: 0.1.0

[1/3] Сборка exe (версия 0.1.0)...
116 INFO: PyInstaller: 6.20.0, contrib hooks: 2026.5
117 INFO: Python: 3.12.3
141 INFO: Platform: Windows-11-10.0.26200-SP0
141 INFO: Python environment: d:\Projects\snt_helper_app\.venv
141 INFO: wrote D:\Projects\snt_helper_app\MoySadovod.spec
144 INFO: Module search paths (PYTHONPATH):
['D:\\Projects\\snt_helper_app\\.venv\\Scripts\\pyinstaller.exe',
 'C:\\Users\\nik\\AppData\\Local\\Programs\\Python\\Python312\\python312.zip',
 'C:\\Users\\nik\\AppData\\Local\\Programs\\Python\\Python312\\DLLs',
 'C:\\Users\\nik\\AppData\\Local\\Programs\\Python\\Python312\\Lib',
 'C:\\Users\\nik\\AppData\\Local\\Programs\\Python\\Python312',
 'd:\\Projects\\snt_helper_app\\.venv',
 'd:\\Projects\\snt_helper_app\\.venv\\Lib\\site-packages',
 'D:\\Projects\\snt_helper_app']
465 INFO: Appending 'datas' from .spec
466 INFO: checking Analysis
537 INFO: checking PYZ
590 INFO: checking PKG
622 INFO: Bootloader d:\Projects\snt_helper_app\.venv\Lib\site-packages\PyInstaller\bootloader\Windows-64bit-intel\runw.exe
623 INFO: checking EXE
644 INFO: Build complete! The results are available in: D:\Projects\snt_helper_app\dist

[2/3] Сборка установщика...
Inno Setup 6 Command-Line Compiler
Copyright (C) 1997-2026 Jordan Russell. All rights reserved.
Portions Copyright (C) 2000-2026 Martijn Laan. All rights reserved.
Portions Copyright (C) 2001-2004 Alex Yackimoff. All rights reserved.
https://www.innosetup.com

Compiler engine version: Inno Setup 6.7.2
Non-commercial use only

Preprocessing
   Reading file: C:\Users\nik\AppData\Local\Programs\Inno Setup 6\ISPPBuiltins.iss
Parsing [Setup] section, line 8
Parsing [Setup] section, line 9
Parsing [Setup] section, line 10
Parsing [Setup] section, line 11
Parsing [Setup] section, line 12
Parsing [Setup] section, line 13
Parsing [Setup] section, line 14
Parsing [Setup] section, line 15
Parsing [Setup] section, line 16
Parsing [Setup] section, line 17
Parsing [Setup] section, line 18
Parsing [Setup] section, line 19
Parsing [Setup] section, line 20
Parsing [Setup] section, line 21
Parsing [Setup] section, line 22
Reading file (WizardImageFile)
Reading file (WizardSmallImageFile)
Preparing Setup program executable
   Verification successful
   Updating icons (Setup.e32)
   Updating version info (Setup.e32)
Determining language code pages
Parsing [Languages] section, line 25
   Reading file: C:\Users\nik\AppData\Local\Programs\Inno Setup 6\Languages\Russian.isl
   Messages in script file
Reading default messages from Default.isl
Parsing [Languages] section, line 25
   Reading file: C:\Users\nik\AppData\Local\Programs\Inno Setup 6\Languages\Russian.isl
Parsing [LangOptions], [Messages], and [CustomMessages] sections
   Messages in script file
Reading [Code] section
Parsing [Tasks] section, line 28
Parsing [Icons] section, line 34
Parsing [Icons] section, line 35
Parsing [Icons] section, line 36
Parsing [Run] section, line 39
Parsing [Files] section, line 31
Deleting MoySadovod_Setup_v0.1.0.exe from output directory
Creating setup files
   Verification successful
   Updating icons (Setup.exe)
   Compressing: D:\Projects\snt_helper_app\dist\MoySadovod.exe
   Compressing Setup program executable
   Updating version info (Setup.exe)
   Updating manifest (Setup.exe)


Successful compile (10,875 sec). Resulting Setup program filename is:
D:\Projects\snt_helper_app\installer\MoySadovod_Setup_v0.1.0.exe

[3/3] Генерация SHA-256...

==========================================
 Готово
  installer\MoySadovod_Setup_v0.1.0.exe
  installer\MoySadovod_Setup_v0.1.0.exe.sha256

 Дальше:
  1. git tag v0.1.0 && git push --tags
  2. На GitHub: Releases → Draft new release → tag v0.1.0
  3. Прикрепить ОБА файла как assets и нажать Publish.
==========================================
Press any key to continue . . . 
